exports[`Directory Info shows directory contents 1`] = `
<div
  className="dirContents">
  <div>
    .
  </div>
  <div>
    ..
  </div>
  <div>
    foo
  </div>
  <div>
    bar
  </div>
  <div>
    baz
  </div>
</div>
`;
