exports[`test Says hello 1`] = `
<div>
  Hello React!
</div>
`;
